======================================================================
PORTFOLIO ENGINE - SYSTEM TEST
======================================================================
Testing imports...
python : Traceback (most recent call last):
At line:1 char:1
+ python test_system.py > test_output.txt 2>&1
+ ~~~~~~~~~~~~~~~~~~~~~~~~~~~~~~~~~~~~~~~~~~~~
    + CategoryInfo          : NotSpecified: (Traceback (most recent call last) 
   ::String) [], RemoteException
    + FullyQualifiedErrorId : NativeCommandError
 
  File "C:\Users\Asus\OneDrive\Desktop\Mock-Hackathon-ZIP2\Mock-Hackathon\test_
system.py", line 142, in <module>
    main()
  File "C:\Users\Asus\OneDrive\Desktop\Mock-Hackathon-ZIP2\Mock-Hackathon\test_
system.py", line 108, in main
    results.append(("Package Imports", test_imports()))
                                       ^^^^^^^^^^^^^^
  File "C:\Users\Asus\OneDrive\Desktop\Mock-Hackathon-ZIP2\Mock-Hackathon\test_
system.py", line 19, in test_imports
    print("  \u2713 All core packages imported successfully")
  File "C:\Users\Asus\AppData\Local\Programs\Python\Python312\Lib\encodings\cp1
252.py", line 19, in encode
    return codecs.charmap_encode(input,self.errors,encoding_table)[0]
           ^^^^^^^^^^^^^^^^^^^^^^^^^^^^^^^^^^^^^^^^^^^^^^^^^^^^^^^
UnicodeEncodeError: 'charmap' codec can't encode character '\u2713' in 
position 2: character maps to <undefined>
